\BOOKMARK [0][-]{chapter*.2}{\376\377\000T\000\323\000M\000\040\000T\036\256\000T}{}% 1
\BOOKMARK [0][-]{chapter.1}{\376\377\000T\036\324\000N\000G\000\040\000Q\000U\000A\000N}{}% 2
\BOOKMARK [1][-]{section.1.1}{\376\377\000B\036\321\000i\000\040\000c\036\243\000n\000h\000\040\000v\000\340\000\040\000l\000\375\000\040\000d\000o\000\040\000c\000h\036\315\000n\000\040\001\021\036\301\000\040\000t\000\340\000i}{chapter.1}% 3
\BOOKMARK [1][-]{section.1.2}{\376\377\000M\036\345\000c\000\040\000t\000i\000\352\000u\000\040\001\021\036\323\000\040\000\341\000n}{chapter.1}% 4
\BOOKMARK [1][-]{section.1.3}{\376\377\000P\000h\036\241\000m\000\040\000v\000i\000\040\000v\000\340\000\040\001\021\000\363\000n\000g\000\040\000g\000\363\000p}{chapter.1}% 5
\BOOKMARK [1][-]{section.1.4}{\376\377\000C\036\245\000u\000\040\000t\000r\000\372\000c\000\040\000b\000\341\000o\000\040\000c\000\341\000o}{chapter.1}% 6
\BOOKMARK [0][-]{chapter.2}{\376\377\000C\000\301\000C\000\040\000C\000\324\000N\000G\000\040\000T\000R\000\314\000N\000H\000\040\000L\000I\000\312\000N\000\040\000Q\000U\000A\000N}{}% 7
\BOOKMARK [1][-]{section.2.1}{\376\377\000T\000r\000a\000n\000s\000f\000o\000r\000m\000e\000r\000\040\000v\000\340\000\040\000m\000\364\000\040\000h\000\354\000n\000h\000\040\000n\000g\000\364\000n\000\040\000n\000g\036\357\000\040\000t\036\361\000\040\000h\036\323\000i\000\040\000q\000u\000y}{chapter.2}% 8
\BOOKMARK [1][-]{section.2.2}{\376\377\000R\000W\000K\000V\000\040\000n\000h\001\260\000\040\000m\036\331\000t\000\040\000h\001\260\036\333\000n\000g\000\040\000t\000h\000a\000y\000\040\000t\000h\036\277\000\040\000a\000t\000t\000e\000n\000t\000i\000o\000n}{chapter.2}% 9
\BOOKMARK [1][-]{section.2.3}{\376\377\000S\000p\000i\000k\000e\000G\000P\000T\000\040\000v\000\340\000\040\000m\000\364\000\040\000h\000\354\000n\000h\000\040\000n\000g\000\364\000n\000\040\000n\000g\036\357\000\040\000d\036\361\000a\000\040\000t\000r\000\352\000n\000\040\000S\000N\000N}{chapter.2}% 10
\BOOKMARK [1][-]{section.2.4}{\376\377\000T\000o\000o\000l\000\040\000c\000a\000l\000l\000i\000n\000g\000\040\000v\000\340\000\040\000a\000g\000e\000n\000t\000i\000c\000\040\000c\000h\000a\000t\000b\000o\000t}{chapter.2}% 11
\BOOKMARK [1][-]{section.2.5}{\376\377\000V\036\313\000\040\000t\000r\000\355\000\040\000c\036\347\000a\000\040\001\021\036\323\000\040\000\341\000n\000\040\000s\000o\000\040\000v\036\333\000i\000\040\000c\000\341\000c\000\040\000c\000\364\000n\000g\000\040\000t\000r\000\354\000n\000h\000\040\000t\000r\001\260\036\333\000c}{chapter.2}% 12
\BOOKMARK [0][-]{chapter.3}{\376\377\000C\001\240\000\040\000S\036\336\000\040\000L\000\335\000\040\000T\000H\000U\000Y\036\276\000T}{}% 13
\BOOKMARK [1][-]{section.3.1}{\376\377\000R\000\340\000o\000\040\000c\036\243\000n\000\040\000c\036\347\000a\000\040\000T\000r\000a\000n\000s\000f\000o\000r\000m\000e\000r\000\040\001\021\036\321\000i\000\040\000v\036\333\000i\000\040\000S\000N\000N}{chapter.3}% 14
\BOOKMARK [1][-]{section.3.2}{\376\377\000S\000p\000i\000k\000i\000n\000g\000\040\000N\000e\000u\000r\000a\000l\000\040\000N\000e\000t\000w\000o\000r\000k\000s\000\040\000v\000\340\000\040\000L\000I\000F\000\040\000n\000e\000u\000r\000o\000n}{chapter.3}% 15
\BOOKMARK [1][-]{section.3.3}{\376\377\000K\000i\036\277\000n\000\040\000t\000r\000\372\000c\000\040\000S\000p\000i\000k\000e\000G\000P\000T}{chapter.3}% 16
\BOOKMARK [2][-]{subsection.3.3.1}{\376\377\000B\000i\000n\000a\000r\000y\000\040\000E\000m\000b\000e\000d\000d\000i\000n\000g}{section.3.3}% 17
\BOOKMARK [2][-]{subsection.3.3.2}{\376\377\000S\000p\000i\000k\000i\000n\000g\000\040\000R\000W\000K\000V}{section.3.3}% 18
\BOOKMARK [2][-]{subsection.3.3.3}{\376\377\000S\000p\000i\000k\000i\000n\000g\000\040\000R\000e\000c\000e\000p\000t\000a\000n\000c\000e\000\040\000F\000e\000e\000d\000-\000F\000o\000r\000w\000a\000r\000d\000\040\000N\000e\000t\000w\000o\000r\000k}{section.3.3}% 19
\BOOKMARK [1][-]{section.3.4}{\376\377\001\257\000u\000\040\001\021\000i\036\303\000m\000\040\000v\000\340\000\040\000g\000i\036\333\000i\000\040\000h\036\241\000n\000\040\000k\036\363\000\040\000v\036\315\000n\000g}{chapter.3}% 20
\BOOKMARK [0][-]{chapter.4}{\376\377\000B\000\300\000I\000\040\000T\000O\000\301\000N\000\040\000V\000\300\000\040\000D\036\356\000\040\000L\000I\036\306\000U}{}% 21
\BOOKMARK [1][-]{section.4.1}{\376\377\000B\000\340\000i\000\040\000t\000o\000\341\000n\000\040\000c\000h\000a\000t\000b\000o\000t\000\040\000a\000g\000e\000n\000t\000i\000c\000\040\000t\000r\000o\000n\000g\000\040\000t\000h\001\260\001\241\000n\000g\000\040\000m\036\241\000i}{chapter.4}% 22
\BOOKMARK [1][-]{section.4.2}{\376\377\000B\036\331\000\040\000c\000\364\000n\000g\000\040\000c\036\345}{chapter.4}% 23
\BOOKMARK [1][-]{section.4.3}{\376\377\000X\000\342\000y\000\040\000d\036\361\000n\000g\000\040\000d\036\357\000\040\000l\000i\036\307\000u}{chapter.4}% 24
\BOOKMARK [1][-]{section.4.4}{\376\377\000T\000i\036\301\000n\000\040\000x\036\355\000\040\000l\000\375\000\040\000v\000\340\000\040\000k\000i\036\303\000m\000\040\000t\000r\000a\000\040\000c\000h\036\245\000t\000\040\000l\001\260\036\343\000n\000g}{chapter.4}% 25
\BOOKMARK [1][-]{section.4.5}{\376\377\001\020\036\313\000n\000h\000\040\000d\036\241\000n\000g\000\040\000I\000D\000\040\000v\000\340\000\040\000p\000h\000\342\000n\000\040\000p\000h\036\321\000i\000\040\000d\036\357\000\040\000l\000i\036\307\000u}{chapter.4}% 26
\BOOKMARK [0][-]{chapter.5}{\376\377\000P\000H\001\257\001\240\000N\000G\000\040\000P\000H\000\301\000P\000\040\000T\000H\036\360\000C\000\040\000N\000G\000H\000I\036\306\000M}{}% 27
\BOOKMARK [1][-]{section.5.1}{\376\377\000C\000\341\000c\000\040\000m\000\364\000\040\000h\000\354\000n\000h\000\040\001\021\001\260\036\343\000c\000\040\001\021\000\341\000n\000h\000\040\000g\000i\000\341}{chapter.5}% 28
\BOOKMARK [1][-]{section.5.2}{\376\377\000N\000g\000u\036\323\000n\000\040\000c\000\340\000i\000\040\001\021\036\267\000t\000\040\000v\000\340\000\040\000c\000\341\000c\000\040\000c\000h\036\311\000n\000h\000\040\000s\036\355\000a\000\040\000c\000h\000\355\000n\000h}{chapter.5}% 29
\BOOKMARK [1][-]{section.5.3}{\376\377\000T\000h\000i\036\277\000t\000\040\000l\036\255\000p\000\040\000h\000u\036\245\000n\000\040\000l\000u\000y\036\307\000n}{chapter.5}% 30
\BOOKMARK [1][-]{section.5.4}{\376\377\000H\000e\000a\000d\000Q\000K}{chapter.5}% 31
\BOOKMARK [1][-]{section.5.5}{\376\377\000H\000\340\000m\000\040\000m\036\245\000t\000\040\000m\000\341\000t}{chapter.5}% 32
\BOOKMARK [1][-]{section.5.6}{\376\377\000C\000\341\000c\000\040\000c\000h\036\311\000\040\000s\036\321\000\040\001\021\000\341\000n\000h\000\040\000g\000i\000\341}{chapter.5}% 33
\BOOKMARK [1][-]{section.5.7}{\376\377\000T\000h\000i\036\277\000t\000\040\000k\036\277\000\040\000a\000b\000l\000a\000t\000i\000o\000n}{chapter.5}% 34
\BOOKMARK [1][-]{section.5.8}{\376\377\000P\000i\000p\000e\000l\000i\000n\000e\000\040\000s\000u\000y\000\040\000l\000u\036\255\000n\000\040\000v\000\340\000\040\001\021\000\341\000n\000h\000\040\000g\000i\000\341}{chapter.5}% 35
\BOOKMARK [0][-]{chapter.6}{\376\377\000K\036\276\000T\000\040\000Q\000U\036\242\000\040\000V\000\300\000\040\000P\000H\000\302\000N\000\040\000T\000\315\000C\000H}{}% 36
\BOOKMARK [1][-]{section.6.1}{\376\377\000K\036\277\000t\000\040\000q\000u\036\243\000\040\000t\036\325\000n\000g\000\040\000q\000u\000a\000n}{chapter.6}% 37
\BOOKMARK [1][-]{section.6.2}{\376\377\000P\000h\000\342\000n\000\040\000t\000\355\000c\000h\000\040\000t\000h\000e\000o\000\040\000t\036\353\000n\000g\000\040\000n\000h\000\363\000m\000\040\000m\000e\000t\000r\000i\000c}{chapter.6}% 38
\BOOKMARK [1][-]{section.6.3}{\376\377\000T\000\341\000c\000\040\001\021\036\331\000n\000g\000\040\000c\036\347\000a\000\040\000H\000e\000a\000d\000Q\000K}{chapter.6}% 39
\BOOKMARK [1][-]{section.6.4}{\376\377\000A\000b\000l\000a\000t\000i\000o\000n\000\040\000v\036\301\000\040\000h\000\340\000m\000\040\000m\036\245\000t\000\040\000m\000\341\000t}{chapter.6}% 40
\BOOKMARK [1][-]{section.6.5}{\376\377\000A\000b\000l\000a\000t\000i\000o\000n\000\040\000v\036\301\000\040\001\021\036\313\000n\000h\000\040\000d\036\241\000n\000g\000\040\000I\000D}{chapter.6}% 41
\BOOKMARK [1][-]{section.6.6}{\376\377\000P\000h\000\342\000n\000\040\000t\000\355\000c\000h\000\040\000v\000\354\000\040\000s\000a\000o\000\040\000S\000p\000i\000k\000e\000G\000P\000T\000\040\000y\036\277\000u\000\040\036\337\000\040\000A\000r\000g\000s\000\040\000E\000x\000a\000c\000t\000\040\000M\000a\000t\000c\000h}{chapter.6}% 42
\BOOKMARK [1][-]{section.6.7}{\376\377\000C\000\341\000c\000\040\000d\036\241\000n\000g\000\040\000l\036\327\000i\000\040\000t\000h\001\260\036\335\000n\000g\000\040\000g\036\267\000p}{chapter.6}% 43
\BOOKMARK [1][-]{section.6.8}{\376\377\001\020\000\341\000n\000h\000\040\000g\000i\000\341\000\040\001\021\036\313\000n\000h\000\040\000t\000\355\000n\000h}{chapter.6}% 44
\BOOKMARK [1][-]{section.6.9}{\376\377\000S\000o\000\040\000s\000\341\000n\000h\000\040\000v\036\333\000i\000\040\000b\000\340\000i\000\040\000b\000\341\000o\000\040\000g\036\321\000c}{chapter.6}% 45
\BOOKMARK [0][-]{chapter.7}{\376\377\000K\036\276\000T\000\040\000L\000U\036\254\000N\000\040\000V\000\300\000\040\000H\001\257\036\332\000N\000G\000\040\000P\000H\000\301\000T\000\040\000T\000R\000I\036\302\000N}{}% 46
\BOOKMARK [1][-]{section.7.1}{\376\377\000K\036\277\000t\000\040\000l\000u\036\255\000n}{chapter.7}% 47
\BOOKMARK [1][-]{section.7.2}{\376\377\000H\036\241\000n\000\040\000c\000h\036\277}{chapter.7}% 48
\BOOKMARK [1][-]{section.7.3}{\376\377\000H\001\260\036\333\000n\000g\000\040\000p\000h\000\341\000t\000\040\000t\000r\000i\036\303\000n}{chapter.7}% 49
\BOOKMARK [1][-]{section.7.4}{\376\377\000B\000\340\000i\000\040\000h\036\315\000c\000\040\000r\000\372\000t\000\040\000r\000a}{chapter.7}% 50
